// Jest Snapshot v1, https://goo.gl/fbAQLP

exports[`renders correctly 1`] = `
<div>
  <div
    className="w-screen h-screen overflow-hidden box-border  bg-gradient-to-b from-blue-900 to-sky-800"
  >
    <div
      className="flex justify-between bg-sky-800"
    >
      <h1
        className="font-sans text-blue-200 basis-1/2 text-2xl sm:text-3xl md:text-4xl lg:text-6xl xl:text-7xl pl-3 py-1 xl:pl-12"
      >
        Xero fitness
      </h1>
      <button
        className="pr-3 cursor-pointer"
        onClick={[Function]}
      >
        <svg
          color="rgb(191 219 254)"
          fill="currentColor"
          height={30}
          stroke="currentColor"
          strokeWidth="0"
          style={
            Object {
              "color": "rgb(191 219 254)",
            }
          }
          viewBox="0 0 512 512"
          width={30}
          xmlns="http://www.w3.org/2000/svg"
        >
          <path
            d="M32 96v64h448V96H32zm0 128v64h448v-64H32zm0 128v64h448v-64H32z"
          />
        </svg>
      </button>
    </div>
    <p
      className="text-blue-200 text-2xl border-b border-blue-300  mt-5 text-center"
    >
      Exercise Log
    </p>
  </div>
</div>
`;
